// Jest Snapshot v1, https://goo.gl/fbAQLP

exports[`Pruebas sobre <CounterApp/> Debe hacer match con el snapshot 1`] = `
<div>
  <h1>
    CounterApp
  </h1>
  <h2>
    10
  </h2>
  <button
    aria-label="btn-suma"
  >
    Suma 1
  </button>
  <button
    aria-label="btn-reset"
  >
    Reset
  </button>
  <button
    aria-label="btn-resta"
  >
    Resta 1
  </button>
</div>
`;
